 
****************************************
Report : qor
Design : kogge_stone_adder_32_bit
Version: L-2016.03-SP2
Date   : Thu Dec  7 00:30:07 2017
****************************************


  Timing Path Group (none)
  -----------------------------------
  Levels of Logic:               7.00
  Critical Path Length:          1.11
  Critical Path Slack:         uninit
  Critical Path Clk Period:       n/a
  Total Negative Slack:          0.00
  No. of Violating Paths:        0.00
  Worst Hold Violation:          0.00
  Total Hold Violation:          0.00
  No. of Hold Violations:        0.00
  -----------------------------------


  Cell Count
  -----------------------------------
  Hierarchical Cell Count:        132
  Hierarchical Port Count:       1034
  Leaf Cell Count:                324
  Buf/Inv Cell Count:               0
  Buf Cell Count:                   0
  Inv Cell Count:                   0
  CT Buf/Inv Cell Count:            0
  Combinational Cell Count:       324
  Sequential Cell Count:            0
  Macro Count:                      0
  -----------------------------------


  Area
  -----------------------------------
  Combinational Area:      871.205642
  Noncombinational Area:     0.000000
  Buf/Inv Area:              0.000000
  Total Buffer Area:             0.00
  Total Inverter Area:           0.00
  Macro/Black Box Area:      0.000000
  Net Area:                133.009929
  -----------------------------------
  Cell Area:               871.205642
  Design Area:            1004.215571


  Design Rules
  -----------------------------------
  Total Number of Nets:           389
  Nets With Violations:             0
  Max Trans Violations:             0
  Max Cap Violations:               0
  -----------------------------------


  Hostname: eng-svr-1.umdar.umassd.edu

  Compile CPU Statistics
  -----------------------------------------
  Resource Sharing:                    0.00
  Logic Optimization:                  0.41
  Mapping Optimization:                0.33
  -----------------------------------------
  Overall Compile Time:                1.28
  Overall Compile Wall Clock Time:     1.33

  --------------------------------------------------------------------

  Design  WNS: 0.00  TNS: 0.00  Number of Violating Paths: 0


  Design (Hold)  WNS: 0.00  TNS: 0.00  Number of Violating Paths: 0

  --------------------------------------------------------------------


1
