Information: Propagating switching activity (medium effort zero delay simulation). (PWR-6)
Warning: Design has unannotated primary inputs. (PWR-414)
 
****************************************
Report : power
        -analysis_effort medium
Design : add_subtract
Version: L-2016.03-SP2
Date   : Thu Dec  7 00:41:46 2017
****************************************


Library(s) Used:

    saed32rvt_tt1p05v25c (File: /usr/local/synopsys/SAED32_EDK/lib/stdcell_rvt/db_ccs/saed32rvt_tt1p05v25c.db)


Operating Conditions: tt1p05v25c   Library: saed32rvt_tt1p05v25c
Wire Load Model Mode: enclosed

Design        Wire Load Model            Library
------------------------------------------------
add_subtract           8000              saed32rvt_tt1p05v25c
kogge_stone_adder_32_bit_1
                       8000              saed32rvt_tt1p05v25c
kogge_stone_adder_32_bit_0
                       8000              saed32rvt_tt1p05v25c
mux                    ForQA             saed32rvt_tt1p05v25c
Bitwise_PG_32_Bit_1    8000              saed32rvt_tt1p05v25c
Group_PG_32_Bit_1      8000              saed32rvt_tt1p05v25c
Sum_Logic_32_Bit_1     ForQA             saed32rvt_tt1p05v25c
Group_PG_32_Bit_0      8000              saed32rvt_tt1p05v25c
Gray_Cell_Val2_61      ForQA             saed32rvt_tt1p05v25c
Black_Cell_Val2_195    ForQA             saed32rvt_tt1p05v25c
Bitwise_PG_32_Bit_0    8000              saed32rvt_tt1p05v25c
Sum_Logic_32_Bit_0     ForQA             saed32rvt_tt1p05v25c
Gray_Cell_Val2_0       ForQA             saed32rvt_tt1p05v25c
Gray_Cell_Val2_1       ForQA             saed32rvt_tt1p05v25c
Gray_Cell_Val2_2       ForQA             saed32rvt_tt1p05v25c
Gray_Cell_Val2_3       ForQA             saed32rvt_tt1p05v25c
Gray_Cell_Val2_4       ForQA             saed32rvt_tt1p05v25c
Gray_Cell_Val2_5       ForQA             saed32rvt_tt1p05v25c
Gray_Cell_Val2_6       ForQA             saed32rvt_tt1p05v25c
Gray_Cell_Val2_7       ForQA             saed32rvt_tt1p05v25c
Gray_Cell_Val2_8       ForQA             saed32rvt_tt1p05v25c
Gray_Cell_Val2_9       ForQA             saed32rvt_tt1p05v25c
Gray_Cell_Val2_10      ForQA             saed32rvt_tt1p05v25c
Gray_Cell_Val2_11      ForQA             saed32rvt_tt1p05v25c
Gray_Cell_Val2_12      ForQA             saed32rvt_tt1p05v25c
Gray_Cell_Val2_13      ForQA             saed32rvt_tt1p05v25c
Gray_Cell_Val2_14      ForQA             saed32rvt_tt1p05v25c
Gray_Cell_Val2_15      ForQA             saed32rvt_tt1p05v25c
Gray_Cell_Val2_16      ForQA             saed32rvt_tt1p05v25c
Gray_Cell_Val2_17      ForQA             saed32rvt_tt1p05v25c
Gray_Cell_Val2_18      ForQA             saed32rvt_tt1p05v25c
Gray_Cell_Val2_19      ForQA             saed32rvt_tt1p05v25c
Gray_Cell_Val2_20      ForQA             saed32rvt_tt1p05v25c
Gray_Cell_Val2_21      ForQA             saed32rvt_tt1p05v25c
Gray_Cell_Val2_22      ForQA             saed32rvt_tt1p05v25c
Gray_Cell_Val2_23      ForQA             saed32rvt_tt1p05v25c
Gray_Cell_Val2_24      ForQA             saed32rvt_tt1p05v25c
Gray_Cell_Val2_25      ForQA             saed32rvt_tt1p05v25c
Gray_Cell_Val2_26      ForQA             saed32rvt_tt1p05v25c
Gray_Cell_Val2_27      ForQA             saed32rvt_tt1p05v25c
Gray_Cell_Val2_28      ForQA             saed32rvt_tt1p05v25c
Gray_Cell_Val2_29      ForQA             saed32rvt_tt1p05v25c
Gray_Cell_Val2_30      ForQA             saed32rvt_tt1p05v25c
Gray_Cell_Val2_31      ForQA             saed32rvt_tt1p05v25c
Gray_Cell_Val2_32      ForQA             saed32rvt_tt1p05v25c
Gray_Cell_Val2_33      ForQA             saed32rvt_tt1p05v25c
Gray_Cell_Val2_34      ForQA             saed32rvt_tt1p05v25c
Gray_Cell_Val2_35      ForQA             saed32rvt_tt1p05v25c
Gray_Cell_Val2_36      ForQA             saed32rvt_tt1p05v25c
Gray_Cell_Val2_37      ForQA             saed32rvt_tt1p05v25c
Gray_Cell_Val2_38      ForQA             saed32rvt_tt1p05v25c
Gray_Cell_Val2_39      ForQA             saed32rvt_tt1p05v25c
Gray_Cell_Val2_40      ForQA             saed32rvt_tt1p05v25c
Gray_Cell_Val2_41      ForQA             saed32rvt_tt1p05v25c
Gray_Cell_Val2_42      ForQA             saed32rvt_tt1p05v25c
Gray_Cell_Val2_43      ForQA             saed32rvt_tt1p05v25c
Gray_Cell_Val2_44      ForQA             saed32rvt_tt1p05v25c
Gray_Cell_Val2_45      ForQA             saed32rvt_tt1p05v25c
Gray_Cell_Val2_46      ForQA             saed32rvt_tt1p05v25c
Gray_Cell_Val2_47      ForQA             saed32rvt_tt1p05v25c
Gray_Cell_Val2_48      ForQA             saed32rvt_tt1p05v25c
Gray_Cell_Val2_49      ForQA             saed32rvt_tt1p05v25c
Gray_Cell_Val2_50      ForQA             saed32rvt_tt1p05v25c
Gray_Cell_Val2_51      ForQA             saed32rvt_tt1p05v25c
Gray_Cell_Val2_52      ForQA             saed32rvt_tt1p05v25c
Gray_Cell_Val2_53      ForQA             saed32rvt_tt1p05v25c
Gray_Cell_Val2_54      ForQA             saed32rvt_tt1p05v25c
Gray_Cell_Val2_55      ForQA             saed32rvt_tt1p05v25c
Gray_Cell_Val2_56      ForQA             saed32rvt_tt1p05v25c
Gray_Cell_Val2_57      ForQA             saed32rvt_tt1p05v25c
Gray_Cell_Val2_58      ForQA             saed32rvt_tt1p05v25c
Gray_Cell_Val2_59      ForQA             saed32rvt_tt1p05v25c
Gray_Cell_Val2_60      ForQA             saed32rvt_tt1p05v25c
Black_Cell_Val2_0      ForQA             saed32rvt_tt1p05v25c
Black_Cell_Val2_1      ForQA             saed32rvt_tt1p05v25c
Black_Cell_Val2_2      ForQA             saed32rvt_tt1p05v25c
Black_Cell_Val2_3      ForQA             saed32rvt_tt1p05v25c
Black_Cell_Val2_4      ForQA             saed32rvt_tt1p05v25c
Black_Cell_Val2_5      ForQA             saed32rvt_tt1p05v25c
Black_Cell_Val2_6      ForQA             saed32rvt_tt1p05v25c
Black_Cell_Val2_7      ForQA             saed32rvt_tt1p05v25c
Black_Cell_Val2_8      ForQA             saed32rvt_tt1p05v25c
Black_Cell_Val2_9      ForQA             saed32rvt_tt1p05v25c
Black_Cell_Val2_10     ForQA             saed32rvt_tt1p05v25c
Black_Cell_Val2_11     ForQA             saed32rvt_tt1p05v25c
Black_Cell_Val2_12     ForQA             saed32rvt_tt1p05v25c
Black_Cell_Val2_13     ForQA             saed32rvt_tt1p05v25c
Black_Cell_Val2_14     ForQA             saed32rvt_tt1p05v25c
Black_Cell_Val2_15     ForQA             saed32rvt_tt1p05v25c
Black_Cell_Val2_16     ForQA             saed32rvt_tt1p05v25c
Black_Cell_Val2_17     ForQA             saed32rvt_tt1p05v25c
Black_Cell_Val2_18     ForQA             saed32rvt_tt1p05v25c
Black_Cell_Val2_19     ForQA             saed32rvt_tt1p05v25c
Black_Cell_Val2_20     ForQA             saed32rvt_tt1p05v25c
Black_Cell_Val2_21     ForQA             saed32rvt_tt1p05v25c
Black_Cell_Val2_22     ForQA             saed32rvt_tt1p05v25c
Black_Cell_Val2_23     ForQA             saed32rvt_tt1p05v25c
Black_Cell_Val2_24     ForQA             saed32rvt_tt1p05v25c
Black_Cell_Val2_25     ForQA             saed32rvt_tt1p05v25c
Black_Cell_Val2_26     ForQA             saed32rvt_tt1p05v25c
Black_Cell_Val2_27     ForQA             saed32rvt_tt1p05v25c
Black_Cell_Val2_28     ForQA             saed32rvt_tt1p05v25c
Black_Cell_Val2_29     ForQA             saed32rvt_tt1p05v25c
Black_Cell_Val2_30     ForQA             saed32rvt_tt1p05v25c
Black_Cell_Val2_31     ForQA             saed32rvt_tt1p05v25c
Black_Cell_Val2_32     ForQA             saed32rvt_tt1p05v25c
Black_Cell_Val2_33     ForQA             saed32rvt_tt1p05v25c
Black_Cell_Val2_34     ForQA             saed32rvt_tt1p05v25c
Black_Cell_Val2_35     ForQA             saed32rvt_tt1p05v25c
Black_Cell_Val2_36     ForQA             saed32rvt_tt1p05v25c
Black_Cell_Val2_37     ForQA             saed32rvt_tt1p05v25c
Black_Cell_Val2_38     ForQA             saed32rvt_tt1p05v25c
Black_Cell_Val2_39     ForQA             saed32rvt_tt1p05v25c
Black_Cell_Val2_40     ForQA             saed32rvt_tt1p05v25c
Black_Cell_Val2_41     ForQA             saed32rvt_tt1p05v25c
Black_Cell_Val2_42     ForQA             saed32rvt_tt1p05v25c
Black_Cell_Val2_43     ForQA             saed32rvt_tt1p05v25c
Black_Cell_Val2_44     ForQA             saed32rvt_tt1p05v25c
Black_Cell_Val2_45     ForQA             saed32rvt_tt1p05v25c
Black_Cell_Val2_46     ForQA             saed32rvt_tt1p05v25c
Black_Cell_Val2_47     ForQA             saed32rvt_tt1p05v25c
Black_Cell_Val2_48     ForQA             saed32rvt_tt1p05v25c
Black_Cell_Val2_49     ForQA             saed32rvt_tt1p05v25c
Black_Cell_Val2_50     ForQA             saed32rvt_tt1p05v25c
Black_Cell_Val2_51     ForQA             saed32rvt_tt1p05v25c
Black_Cell_Val2_52     ForQA             saed32rvt_tt1p05v25c
Black_Cell_Val2_53     ForQA             saed32rvt_tt1p05v25c
Black_Cell_Val2_54     ForQA             saed32rvt_tt1p05v25c
Black_Cell_Val2_55     ForQA             saed32rvt_tt1p05v25c
Black_Cell_Val2_56     ForQA             saed32rvt_tt1p05v25c
Black_Cell_Val2_57     ForQA             saed32rvt_tt1p05v25c
Black_Cell_Val2_58     ForQA             saed32rvt_tt1p05v25c
Black_Cell_Val2_59     ForQA             saed32rvt_tt1p05v25c
Black_Cell_Val2_60     ForQA             saed32rvt_tt1p05v25c
Black_Cell_Val2_61     ForQA             saed32rvt_tt1p05v25c
Black_Cell_Val2_62     ForQA             saed32rvt_tt1p05v25c
Black_Cell_Val2_63     ForQA             saed32rvt_tt1p05v25c
Black_Cell_Val2_64     ForQA             saed32rvt_tt1p05v25c
Black_Cell_Val2_65     ForQA             saed32rvt_tt1p05v25c
Black_Cell_Val2_66     ForQA             saed32rvt_tt1p05v25c
Black_Cell_Val2_67     ForQA             saed32rvt_tt1p05v25c
Black_Cell_Val2_68     ForQA             saed32rvt_tt1p05v25c
Black_Cell_Val2_69     ForQA             saed32rvt_tt1p05v25c
Black_Cell_Val2_70     ForQA             saed32rvt_tt1p05v25c
Black_Cell_Val2_71     ForQA             saed32rvt_tt1p05v25c
Black_Cell_Val2_72     ForQA             saed32rvt_tt1p05v25c
Black_Cell_Val2_73     ForQA             saed32rvt_tt1p05v25c
Black_Cell_Val2_74     ForQA             saed32rvt_tt1p05v25c
Black_Cell_Val2_75     ForQA             saed32rvt_tt1p05v25c
Black_Cell_Val2_76     ForQA             saed32rvt_tt1p05v25c
Black_Cell_Val2_77     ForQA             saed32rvt_tt1p05v25c
Black_Cell_Val2_78     ForQA             saed32rvt_tt1p05v25c
Black_Cell_Val2_79     ForQA             saed32rvt_tt1p05v25c
Black_Cell_Val2_80     ForQA             saed32rvt_tt1p05v25c
Black_Cell_Val2_81     ForQA             saed32rvt_tt1p05v25c
Black_Cell_Val2_82     ForQA             saed32rvt_tt1p05v25c
Black_Cell_Val2_83     ForQA             saed32rvt_tt1p05v25c
Black_Cell_Val2_84     ForQA             saed32rvt_tt1p05v25c
Black_Cell_Val2_85     ForQA             saed32rvt_tt1p05v25c
Black_Cell_Val2_86     ForQA             saed32rvt_tt1p05v25c
Black_Cell_Val2_87     ForQA             saed32rvt_tt1p05v25c
Black_Cell_Val2_88     ForQA             saed32rvt_tt1p05v25c
Black_Cell_Val2_89     ForQA             saed32rvt_tt1p05v25c
Black_Cell_Val2_90     ForQA             saed32rvt_tt1p05v25c
Black_Cell_Val2_91     ForQA             saed32rvt_tt1p05v25c
Black_Cell_Val2_92     ForQA             saed32rvt_tt1p05v25c
Black_Cell_Val2_93     ForQA             saed32rvt_tt1p05v25c
Black_Cell_Val2_94     ForQA             saed32rvt_tt1p05v25c
Black_Cell_Val2_95     ForQA             saed32rvt_tt1p05v25c
Black_Cell_Val2_96     ForQA             saed32rvt_tt1p05v25c
Black_Cell_Val2_97     ForQA             saed32rvt_tt1p05v25c
Black_Cell_Val2_98     ForQA             saed32rvt_tt1p05v25c
Black_Cell_Val2_99     ForQA             saed32rvt_tt1p05v25c
Black_Cell_Val2_100    ForQA             saed32rvt_tt1p05v25c
Black_Cell_Val2_101    ForQA             saed32rvt_tt1p05v25c
Black_Cell_Val2_102    ForQA             saed32rvt_tt1p05v25c
Black_Cell_Val2_103    ForQA             saed32rvt_tt1p05v25c
Black_Cell_Val2_104    ForQA             saed32rvt_tt1p05v25c
Black_Cell_Val2_105    ForQA             saed32rvt_tt1p05v25c
Black_Cell_Val2_106    ForQA             saed32rvt_tt1p05v25c
Black_Cell_Val2_107    ForQA             saed32rvt_tt1p05v25c
Black_Cell_Val2_108    ForQA             saed32rvt_tt1p05v25c
Black_Cell_Val2_109    ForQA             saed32rvt_tt1p05v25c
Black_Cell_Val2_110    ForQA             saed32rvt_tt1p05v25c
Black_Cell_Val2_111    ForQA             saed32rvt_tt1p05v25c
Black_Cell_Val2_112    ForQA             saed32rvt_tt1p05v25c
Black_Cell_Val2_113    ForQA             saed32rvt_tt1p05v25c
Black_Cell_Val2_114    ForQA             saed32rvt_tt1p05v25c
Black_Cell_Val2_115    ForQA             saed32rvt_tt1p05v25c
Black_Cell_Val2_116    ForQA             saed32rvt_tt1p05v25c
Black_Cell_Val2_117    ForQA             saed32rvt_tt1p05v25c
Black_Cell_Val2_118    ForQA             saed32rvt_tt1p05v25c
Black_Cell_Val2_119    ForQA             saed32rvt_tt1p05v25c
Black_Cell_Val2_120    ForQA             saed32rvt_tt1p05v25c
Black_Cell_Val2_121    ForQA             saed32rvt_tt1p05v25c
Black_Cell_Val2_122    ForQA             saed32rvt_tt1p05v25c
Black_Cell_Val2_123    ForQA             saed32rvt_tt1p05v25c
Black_Cell_Val2_124    ForQA             saed32rvt_tt1p05v25c
Black_Cell_Val2_125    ForQA             saed32rvt_tt1p05v25c
Black_Cell_Val2_126    ForQA             saed32rvt_tt1p05v25c
Black_Cell_Val2_127    ForQA             saed32rvt_tt1p05v25c
Black_Cell_Val2_128    ForQA             saed32rvt_tt1p05v25c
Black_Cell_Val2_129    ForQA             saed32rvt_tt1p05v25c
Black_Cell_Val2_130    ForQA             saed32rvt_tt1p05v25c
Black_Cell_Val2_131    ForQA             saed32rvt_tt1p05v25c
Black_Cell_Val2_132    ForQA             saed32rvt_tt1p05v25c
Black_Cell_Val2_133    ForQA             saed32rvt_tt1p05v25c
Black_Cell_Val2_134    ForQA             saed32rvt_tt1p05v25c
Black_Cell_Val2_135    ForQA             saed32rvt_tt1p05v25c
Black_Cell_Val2_136    ForQA             saed32rvt_tt1p05v25c
Black_Cell_Val2_137    ForQA             saed32rvt_tt1p05v25c
Black_Cell_Val2_138    ForQA             saed32rvt_tt1p05v25c
Black_Cell_Val2_139    ForQA             saed32rvt_tt1p05v25c
Black_Cell_Val2_140    ForQA             saed32rvt_tt1p05v25c
Black_Cell_Val2_141    ForQA             saed32rvt_tt1p05v25c
Black_Cell_Val2_142    ForQA             saed32rvt_tt1p05v25c
Black_Cell_Val2_143    ForQA             saed32rvt_tt1p05v25c
Black_Cell_Val2_144    ForQA             saed32rvt_tt1p05v25c
Black_Cell_Val2_145    ForQA             saed32rvt_tt1p05v25c
Black_Cell_Val2_146    ForQA             saed32rvt_tt1p05v25c
Black_Cell_Val2_147    ForQA             saed32rvt_tt1p05v25c
Black_Cell_Val2_148    ForQA             saed32rvt_tt1p05v25c
Black_Cell_Val2_149    ForQA             saed32rvt_tt1p05v25c
Black_Cell_Val2_150    ForQA             saed32rvt_tt1p05v25c
Black_Cell_Val2_151    ForQA             saed32rvt_tt1p05v25c
Black_Cell_Val2_152    ForQA             saed32rvt_tt1p05v25c
Black_Cell_Val2_153    ForQA             saed32rvt_tt1p05v25c
Black_Cell_Val2_154    ForQA             saed32rvt_tt1p05v25c
Black_Cell_Val2_155    ForQA             saed32rvt_tt1p05v25c
Black_Cell_Val2_156    ForQA             saed32rvt_tt1p05v25c
Black_Cell_Val2_157    ForQA             saed32rvt_tt1p05v25c
Black_Cell_Val2_158    ForQA             saed32rvt_tt1p05v25c
Black_Cell_Val2_159    ForQA             saed32rvt_tt1p05v25c
Black_Cell_Val2_160    ForQA             saed32rvt_tt1p05v25c
Black_Cell_Val2_161    ForQA             saed32rvt_tt1p05v25c
Black_Cell_Val2_162    ForQA             saed32rvt_tt1p05v25c
Black_Cell_Val2_163    ForQA             saed32rvt_tt1p05v25c
Black_Cell_Val2_164    ForQA             saed32rvt_tt1p05v25c
Black_Cell_Val2_165    ForQA             saed32rvt_tt1p05v25c
Black_Cell_Val2_166    ForQA             saed32rvt_tt1p05v25c
Black_Cell_Val2_167    ForQA             saed32rvt_tt1p05v25c
Black_Cell_Val2_168    ForQA             saed32rvt_tt1p05v25c
Black_Cell_Val2_169    ForQA             saed32rvt_tt1p05v25c
Black_Cell_Val2_170    ForQA             saed32rvt_tt1p05v25c
Black_Cell_Val2_171    ForQA             saed32rvt_tt1p05v25c
Black_Cell_Val2_172    ForQA             saed32rvt_tt1p05v25c
Black_Cell_Val2_173    ForQA             saed32rvt_tt1p05v25c
Black_Cell_Val2_174    ForQA             saed32rvt_tt1p05v25c
Black_Cell_Val2_175    ForQA             saed32rvt_tt1p05v25c
Black_Cell_Val2_176    ForQA             saed32rvt_tt1p05v25c
Black_Cell_Val2_177    ForQA             saed32rvt_tt1p05v25c
Black_Cell_Val2_178    ForQA             saed32rvt_tt1p05v25c
Black_Cell_Val2_179    ForQA             saed32rvt_tt1p05v25c
Black_Cell_Val2_180    ForQA             saed32rvt_tt1p05v25c
Black_Cell_Val2_181    ForQA             saed32rvt_tt1p05v25c
Black_Cell_Val2_182    ForQA             saed32rvt_tt1p05v25c
Black_Cell_Val2_183    ForQA             saed32rvt_tt1p05v25c
Black_Cell_Val2_184    ForQA             saed32rvt_tt1p05v25c
Black_Cell_Val2_185    ForQA             saed32rvt_tt1p05v25c
Black_Cell_Val2_186    ForQA             saed32rvt_tt1p05v25c
Black_Cell_Val2_187    ForQA             saed32rvt_tt1p05v25c
Black_Cell_Val2_188    ForQA             saed32rvt_tt1p05v25c
Black_Cell_Val2_189    ForQA             saed32rvt_tt1p05v25c
Black_Cell_Val2_190    ForQA             saed32rvt_tt1p05v25c
Black_Cell_Val2_191    ForQA             saed32rvt_tt1p05v25c
Black_Cell_Val2_192    ForQA             saed32rvt_tt1p05v25c
Black_Cell_Val2_193    ForQA             saed32rvt_tt1p05v25c
Black_Cell_Val2_194    ForQA             saed32rvt_tt1p05v25c


Global Operating Voltage = 1.05 
Power-specific unit information :
    Voltage Units = 1V
    Capacitance Units = 1.000000ff
    Time Units = 1ns
    Dynamic Power Units = 1uW    (derived from V,C,T units)
    Leakage Power Units = 1pW


  Cell Internal Power  =   0.0000 uW    (0%)
  Net Switching Power  =  58.9211 uW  (100%)
                         ---------
Total Dynamic Power    =  58.9211 uW  (100%)

Cell Leakage Power     =  47.5224 uW


                 Internal         Switching           Leakage            Total
Power Group      Power            Power               Power              Power   (   %    )  Attrs
--------------------------------------------------------------------------------------------------
io_pad             0.0000            0.0000            0.0000            0.0000  (   0.00%)
memory             0.0000            0.0000            0.0000            0.0000  (   0.00%)
black_box          0.0000            0.0000            0.0000            0.0000  (   0.00%)
clock_network      0.0000           12.1612        6.5566e+06           18.7177  (  17.58%)
register           0.0000            0.0000            0.0000            0.0000  (   0.00%)
sequential         0.0000            0.0000            0.0000            0.0000  (   0.00%)
combinational      0.0000           46.7599        4.0966e+07           87.7258  (  82.42%)
--------------------------------------------------------------------------------------------------
Total              0.0000 uW        58.9211 uW     4.7522e+07 pW       106.4435 uW
1
